// Jest Snapshot v1, https://goo.gl/fbAQLP

exports[`App matches snapshot 1`] = `
<Provider
  store={
    Object {
      "dispatch": [MockFunction],
      "getState": [MockFunction],
      "replaceReducer": [MockFunction],
      "subscribe": [MockFunction],
    }
  }
>
  <Component
    style={
      Object {
        "flex": 1,
      }
    }
  >
    <StatusBar
      animated={false}
      backgroundColor="black"
      barStyle="light-content"
      showHideTransition="fade"
    />
    <Navigator />
  </Component>
</Provider>
`;
