// Jest Snapshot v1, https://goo.gl/fbAQLP

exports[`GalleryItem matches snapshot 1`] = `
<TouchableHighlight
  activeOpacity={0.85}
  delayPressOut={100}
  onPress={[MockFunction]}
  underlayColor="black"
>
  <Image
    source={
      Object {
        "uri": "imageUrl",
      }
    }
    style={
      Array [
        Object {
          "margin": 0.5,
        },
        Object {
          "height": 100,
          "width": 100,
        },
      ]
    }
  />
</TouchableHighlight>
`;
