// Jest Snapshot v1, https://goo.gl/fbAQLP

exports[`GalleryItem renders 1`] = `
<TouchableHighlight>
  <Image
    source={
      Object {
        "uri": "image/api/url",
      }
    }
    style={
      Object {
        "height": 100,
        "margin": 1,
        "resizeMode": "cover",
        "width": 100,
      }
    }
  />
</TouchableHighlight>
`;
