// Jest Snapshot v1, https://goo.gl/fbAQLP

exports[`GalleryItem renders 1`] = `
<TouchableHighlight
  onPress={[MockFunction]}
>
  <Image
    source={
      Object {
        "uri": "image/api/url",
      }
    }
    style={
      Array [
        undefined,
        Object {
          "height": 100,
          "width": 100,
        },
      ]
    }
  />
</TouchableHighlight>
`;
